// Vitest Snapshot v1, https://vitest.dev/guide/snapshot.html

exports[`useBroadcastMapViewModel > handles exit modal actions 1`] = `
{
  "current": {
    "centerLocation": {
      "lat": 0,
      "lng": 0,
    },
    "exitModalClose": [Function],
    "exitModalOpened": false,
    "handleExit": [Function],
    "handleLocationUpdate": [MockFunction spy],
    "handleMarkerClick": [Function],
    "handleRecenter": [Function],
    "location": {
      "latitude": 0,
      "longitude": 0,
    },
    "nearbyUsers": [],
    "notifications": [],
    "openModal": [Function],
    "session": {
      "access_token": "",
      "expires_in": 0,
      "refresh_token": "",
      "token_type": "",
      "user": {
        "app_metadata": {},
        "aud": "",
        "created_at": "",
        "id": "test-id",
        "user_metadata": {
          "name": "Test User",
        },
      },
    },
    "setMapRef": [Function],
    "userId": "test-id",
    "userName": "Test User",
    "userRole": "buyer",
  },
}
`;
